// Vitest Snapshot v1, https://vitest.dev/guide/snapshot.html

exports[`fixtury savů > v1.city.base64 se načte do aktuální verze formátu 1`] = `"6e29aff9"`;

exports[`fixtury savů > v2.city.base64 se načte do aktuální verze formátu 1`] = `"aeabc14e"`;

exports[`fixtury savů > v3.city.base64 se načte do aktuální verze formátu 1`] = `"cd2f37df"`;

exports[`fixtury savů > v4.city.base64 se načte do aktuální verze formátu 1`] = `"8d305bfa"`;
