// Vitest Snapshot v1, https://vitest.dev/guide/snapshot.html

exports[`fixtury savů > v1.city.base64 se načte do aktuální verze formátu 1`] = `"ea07ebbc"`;

exports[`fixtury savů > v2.city.base64 se načte do aktuální verze formátu 1`] = `"0815e3ab"`;

exports[`fixtury savů > v3.city.base64 se načte do aktuální verze formátu 1`] = `"7850df5a"`;

exports[`fixtury savů > v4.city.base64 se načte do aktuální verze formátu 1`] = `"cec6f987"`;

exports[`fixtury savů > v5.city.base64 se načte do aktuální verze formátu 1`] = `"6c1b90b8"`;

exports[`fixtury savů > v6.city.base64 se načte do aktuální verze formátu 1`] = `"da2b3439"`;

exports[`fixtury savů > v7.city.base64 se načte do aktuální verze formátu 1`] = `"08958ea3"`;

exports[`fixtury savů > v8.city.base64 se načte do aktuální verze formátu 1`] = `"2d459c44"`;

exports[`fixtury savů > v9.city.base64 se načte do aktuální verze formátu 1`] = `"2d459c44"`;

exports[`fixtury savů > v10.city.base64 se načte do aktuální verze formátu 1`] = `"2d459c44"`;

exports[`fixtury savů > v11.city.base64 se načte do aktuální verze formátu 1`] = `"2d459c44"`;

exports[`fixtury savů > v12.city.base64 se načte do aktuální verze formátu 1`] = `"2d459c44"`;

exports[`fixtury savů > v13.city.base64 se načte do aktuální verze formátu 1`] = `"2d459c44"`;
